00:00:00.000447 VirtualBox DHCP Server 7.1.8 r168469 linux.amd64 (Apr 23 2025 07:57:44) release log
00:00:00.000449 Log opened 2025-05-12T12:46:09.315536000Z
00:00:00.000450 Build Type: release
00:00:00.000451 OS Product: Linux
00:00:00.000452 OS Release: 6.14.6-arch1-1
00:00:00.000454 OS Version: #1 SMP PREEMPT_DYNAMIC Fri, 09 May 2025 17:36:18 +0000
00:00:00.000468 DMI Product Name: Inspiron 7580
00:00:00.000474 DMI Product Version: 
00:00:00.000477 Firmware type: UEFI
00:00:00.001073 Secure Boot: Disabled
00:00:00.001097 Host RAM: 15702MB (15.3GB) total, 12660MB (12.3GB) available
00:00:00.001099 Executable: /usr/lib/virtualbox/VBoxNetDHCP
00:00:00.001100 Process ID: 230045
00:00:00.001100 Package type: LINUX_64BITS_GENERIC (OSE)
00:00:00.001117 --config:  HostInterfaceNetworking-vboxnet0
00:00:00.001119 --comment: HostInterfaceNetworking-vboxnet0
00:00:00.001218 IP address:   192.168.56.100/24
00:00:00.001222 Address pool: 192.168.56.101 - 192.168.56.254
00:00:00.001235 MAC address is not specified: will use generated MAC 08:00:27:a9:4d:23
00:00:00.001239 Db::i_enterFixedAddressAssignment: 08:00:27:a9:4d:23: 192.168.56.100
00:00:00.001244 loading leases from /home/jppm/.config/VirtualBox/HostInterfaceNetworking-vboxnet0-Dhcpd.leases
00:00:00.001315 > LOAD: EXPIRED lease 192.168.56.106 to [ff:ed:4e:f8:d7:00:02:00:00:ab:11:0a:c3:cb:fa:b5:f7:c4:de] (08:00:27:73:f9:66), acked, valid from 2025-05-12T12:42:08Z for 600s until 2025-05-12T12:52:08Z
00:00:00.001331 > LOAD:         lease 192.168.56.105 to [ff:ed:4e:f8:d7:00:02:00:00:ab:11:b0:cc:b2:9d:ea:d0:99:e3] (08:00:27:3a:81:47), expired, valid from 2024-12-18T08:41:35Z for 600s until 2024-12-18T08:51:35Z
00:00:00.001342 > LOAD:         lease 192.168.56.104 to [ff:ed:4e:f8:d7:00:02:00:00:ab:11:21:6f:ad:35:0e:01:df:ed] (08:00:27:6b:45:ce), expired, valid from 2024-12-18T08:39:55Z for 600s until 2024-12-18T08:49:55Z
00:00:00.001353 > LOAD:         lease 192.168.56.103 to [ff:ed:4e:f8:d7:00:02:00:00:ab:11:df:11:4a:91:0e:4f:6e:b0] (08:00:27:46:80:a3), expired, valid from 2024-12-18T08:29:24Z for 600s until 2024-12-18T08:39:24Z
00:00:00.001366 > LOAD:         lease 192.168.56.102 to [ff:ed:4e:f8:d7:00:02:00:00:ab:11:17:b7:35:49:b0:b1:65:05] (08:00:27:c5:1b:c9), expired, valid from 2024-12-18T08:19:14Z for 600s until 2024-12-18T08:29:14Z
00:00:00.001376 > LOAD: EXPIRED lease 192.168.56.101 to [ff:b5:ba:44:ba:00:02:00:00:ab:11:ce:b9:1e:45:5b:78:6b:3d] (0a:00:27:00:00:00), acked, valid from 2025-05-12T12:41:56Z for 600s until 2025-05-12T12:51:56Z
00:00:00.001410 SUP: Opened VMMR0.r0 (/usr/lib/virtualbox/VMMR0.r0) at 0xXXXXXXXXXXXXXXXX.
00:00:11.121587 DISCOVER xid 0x1d282b6c chaddr 08:00:27:90:98:77
00:00:11.121602  ciaddr 0.0.0.0
00:00:11.121610  client id: ff ed 4e f8 d7 00 02 00 00 ab 11 0a c3 cb fa b5 f7 c4 de
00:00:11.121617  params { 1 3 6 12 15 33 42 114 120 121 }
00:00:11.121644   12: 'arch'
00:00:11.121647   57: 05 c0
00:00:11.121653 > allocateAddress to client [ff:ed:4e:f8:d7:00:02:00:00:ab:11:0a:c3:cb:fa:b5:f7:c4:de] (08:00:27:90:98:77)
00:00:11.121665 > ... found existing binding 192.168.56.106 to [ff:ed:4e:f8:d7:00:02:00:00:ab:11:0a:c3:cb:fa:b5:f7:c4:de] (08:00:27:73:f9:66), acked, valid from 2025-05-12T12:42:08Z for 600s until 2025-05-12T12:52:08Z
00:00:11.121690 Lease time 600 secs (default)
00:00:11.121698 >>> requested option 1 (SubnetMask)
00:00:11.121701 ... always supplied
00:00:11.121704 >>> requested option 3 (Routers)
00:00:11.121708 ... not found
00:00:11.121710 >>> requested option 6 (DNSes)
00:00:11.121713 ... not found
00:00:11.121715 >>> requested option 12 (HostName)
00:00:11.121718 ... not found
00:00:11.121721 >>> requested option 15 (DomainName)
00:00:11.121724 ... not found
00:00:11.121726 >>> requested option 33 (StaticRoute)
00:00:11.121729 ... not found
00:00:11.121732 >>> requested option 42 (NTPServers)
00:00:11.121735 ... not found
00:00:11.121737 >>> requested option 114 (unknown)
00:00:11.121740 ... not found
00:00:11.121743 >>> requested option 120 (unknown)
00:00:11.121746 ... not found
00:00:11.121748 >>> requested option 121 (unknown)
00:00:11.121751 ... not found
00:00:11.121768 encoding option 1 (SubnetMask)
00:00:11.121771 encoding option 51 (LeaseTime)
00:00:11.121775 OFFER xid 0x1d282b6c chaddr 08:00:27:90:98:77
00:00:11.121783  ciaddr 0.0.0.0 yiaddr 192.168.56.106
00:00:11.121792 encoded message: 548 bytes
00:00:11.121794 00007135040014b0/0000: 02 01 06 00 6c 2b 28 1d-00 00 00 00 00 00 00 00 ....l+(.........
00:00:11.121801 00007135040014c0/0010: c0 a8 38 6a 00 00 00 00-00 00 00 00 08 00 27 90 ..8j..........'.
00:00:11.121806 00007135040014d0/0020: 98 77 00 00 00 00 00 00-00 00 00 00 00 00 00 00 .w..............
00:00:11.121810 00007135040014e0/0030: 00 00 00 00 00 00 00 00-00 00 00 00 00 00 00 00 ................
00:00:11.121815 00007135040014f0/0040: 00 00 00 00 00 00 00 00-00 00 00 00 00 00 00 00 ................
00:00:11.121819 0000713504001500/0050: 00 00 00 00 00 00 00 00-00 00 00 00 00 00 00 00 ................
00:00:11.121824 0000713504001510/0060: 00 00 00 00 00 00 00 00-00 00 00 00 00 00 00 00 ................
00:00:11.121828 0000713504001520/0070: 00 00 00 00 00 00 00 00-00 00 00 00 00 00 00 00 ................
00:00:11.121832 0000713504001530/0080: 00 00 00 00 00 00 00 00-00 00 00 00 00 00 00 00 ................
00:00:11.121836 0000713504001540/0090: 00 00 00 00 00 00 00 00-00 00 00 00 00 00 00 00 ................
00:00:11.121841 0000713504001550/00a0: 00 00 00 00 00 00 00 00-00 00 00 00 00 00 00 00 ................
00:00:11.121845 0000713504001560/00b0: 00 00 00 00 00 00 00 00-00 00 00 00 00 00 00 00 ................
00:00:11.121849 0000713504001570/00c0: 00 00 00 00 00 00 00 00-00 00 00 00 00 00 00 00 ................
00:00:11.121854 0000713504001580/00d0: 00 00 00 00 00 00 00 00-00 00 00 00 00 00 00 00 ................
00:00:11.121858 0000713504001590/00e0: 00 00 00 00 00 00 00 00-00 00 00 00 63 82 53 63 ............c.Sc
00:00:11.121862 00007135040015a0/00f0: 36 04 c0 a8 38 64 35 01-02 01 04 ff ff ff 00 33 6...8d5........3
00:00:11.121867 00007135040015b0/0100: 04 00 00 02 58 ff 00 00-00 00 00 00 00 00 00 00 ....X...........
00:00:11.121871 00007135040015c0/0110: 00 00 00 00 00 00 00 00-00 00 00 00 00 00 00 00 ................
00:00:11.121876 00007135040015d0/0120: 00 00 00 00 00 00 00 00-00 00 00 00 00 00 00 00 ................
00:00:11.121880 00007135040015e0/0130: 00 00 00 00 00 00 00 00-00 00 00 00 00 00 00 00 ................
00:00:11.121888 00007135040015f0/0140: 00 00 00 00 00 00 00 00-00 00 00 00 00 00 00 00 ................
00:00:11.121892 0000713504001600/0150: 00 00 00 00 00 00 00 00-00 00 00 00 00 00 00 00 ................
00:00:11.121896 0000713504001610/0160: 00 00 00 00 00 00 00 00-00 00 00 00 00 00 00 00 ................
00:00:11.121901 0000713504001620/0170: 00 00 00 00 00 00 00 00-00 00 00 00 00 00 00 00 ................
00:00:11.121905 0000713504001630/0180: 00 00 00 00 00 00 00 00-00 00 00 00 00 00 00 00 ................
00:00:11.121909 0000713504001640/0190: 00 00 00 00 00 00 00 00-00 00 00 00 00 00 00 00 ................
00:00:11.121914 0000713504001650/01a0: 00 00 00 00 00 00 00 00-00 00 00 00 00 00 00 00 ................
00:00:11.121918 0000713504001660/01b0: 00 00 00 00 00 00 00 00-00 00 00 00 00 00 00 00 ................
00:00:11.121923 0000713504001670/01c0: 00 00 00 00 00 00 00 00-00 00 00 00 00 00 00 00 ................
00:00:11.121927 0000713504001680/01d0: 00 00 00 00 00 00 00 00-00 00 00 00 00 00 00 00 ................
00:00:11.121931 0000713504001690/01e0: 00 00 00 00 00 00 00 00-00 00 00 00 00 00 00 00 ................
00:00:11.121936 00007135040016a0/01f0: 00 00 00 00 00 00 00 00-00 00 00 00 00 00 00 00 ................
00:00:11.121940 00007135040016b0/0200: 00 00 00 00 00 00 00 00-00 00 00 00 00 00 00 00 ................
00:00:11.121945 00007135040016c0/0210: 00 00 00 00 00 00 00 00-00 00 00 00 00 00 00 00 ................
00:00:11.121949 00007135040016d0/0220: 00 00 00 00                                     ....
00:00:11.131221 REQUEST xid 0x1d282b6c chaddr 08:00:27:90:98:77
00:00:11.131259  ciaddr 0.0.0.0
00:00:11.131266  for server 192.168.56.100 client id: ff ed 4e f8 d7 00 02 00 00 ab 11 0a c3 cb fa b5 f7 c4 de
00:00:11.131294  requested address 192.168.56.106
00:00:11.131302  params { 1 3 6 12 15 33 42 114 120 121 }
00:00:11.131327   12: 'arch'
00:00:11.131330   54: c0 a8 38 64
00:00:11.131333   57: 05 c0
00:00:11.131337 > allocateAddress 192.168.56.106 to client [ff:ed:4e:f8:d7:00:02:00:00:ab:11:0a:c3:cb:fa:b5:f7:c4:de] (08:00:27:90:98:77)
00:00:11.131347 > ... found existing binding 192.168.56.106 to [ff:ed:4e:f8:d7:00:02:00:00:ab:11:0a:c3:cb:fa:b5:f7:c4:de] (08:00:27:73:f9:66), acked, valid from 2025-05-12T12:46:20Z for 600s until 2025-05-12T12:56:20Z
00:00:11.131360 Lease time 600 secs (default)
00:00:11.131364 writing leases to /home/jppm/.config/VirtualBox/HostInterfaceNetworking-vboxnet0-Dhcpd.leases
00:00:11.133357 Failed to replace '/home/jppm/.config/VirtualBox/HostInterfaceNetworking-vboxnet0-Dhcpd.leases' with '/home/jppm/.config/VirtualBox/HostInterfaceNetworking-vboxnet0-Dhcpd.leases-tmp' VERR_FILE_NOT_FOUND (File not found.)
00:00:11.133384 >>> requested option 1 (SubnetMask)
00:00:11.133387 ... always supplied
00:00:11.133389 >>> requested option 3 (Routers)
00:00:11.133390 ... not found
00:00:11.133392 >>> requested option 6 (DNSes)
00:00:11.133393 ... not found
00:00:11.133395 >>> requested option 12 (HostName)
00:00:11.133396 ... not found
00:00:11.133398 >>> requested option 15 (DomainName)
00:00:11.133399 ... not found
00:00:11.133401 >>> requested option 33 (StaticRoute)
00:00:11.133402 ... not found
00:00:11.133404 >>> requested option 42 (NTPServers)
00:00:11.133405 ... not found
00:00:11.133407 >>> requested option 114 (unknown)
00:00:11.133408 ... not found
00:00:11.133410 >>> requested option 120 (unknown)
00:00:11.133411 ... not found
00:00:11.133413 >>> requested option 121 (unknown)
00:00:11.133414 ... not found
00:00:11.133417 encoding option 1 (SubnetMask)
00:00:11.133419 encoding option 51 (LeaseTime)
00:00:11.133421 ACK xid 0x1d282b6c chaddr 08:00:27:90:98:77
00:00:11.133427  ciaddr 0.0.0.0 yiaddr 192.168.56.106
00:00:11.133433 encoded message: 548 bytes
00:00:11.133435 00007135040014b0/0000: 02 01 06 00 6c 2b 28 1d-00 00 00 00 00 00 00 00 ....l+(.........
00:00:11.133438 00007135040014c0/0010: c0 a8 38 6a 00 00 00 00-00 00 00 00 08 00 27 90 ..8j..........'.
00:00:11.133440 00007135040014d0/0020: 98 77 00 00 00 00 00 00-00 00 00 00 00 00 00 00 .w..............
00:00:11.133442 00007135040014e0/0030: 00 00 00 00 00 00 00 00-00 00 00 00 00 00 00 00 ................
00:00:11.133444 00007135040014f0/0040: 00 00 00 00 00 00 00 00-00 00 00 00 00 00 00 00 ................
00:00:11.133447 0000713504001500/0050: 00 00 00 00 00 00 00 00-00 00 00 00 00 00 00 00 ................
00:00:11.133449 0000713504001510/0060: 00 00 00 00 00 00 00 00-00 00 00 00 00 00 00 00 ................
00:00:11.133451 0000713504001520/0070: 00 00 00 00 00 00 00 00-00 00 00 00 00 00 00 00 ................
00:00:11.133453 0000713504001530/0080: 00 00 00 00 00 00 00 00-00 00 00 00 00 00 00 00 ................
00:00:11.133455 0000713504001540/0090: 00 00 00 00 00 00 00 00-00 00 00 00 00 00 00 00 ................
00:00:11.133457 0000713504001550/00a0: 00 00 00 00 00 00 00 00-00 00 00 00 00 00 00 00 ................
00:00:11.133460 0000713504001560/00b0: 00 00 00 00 00 00 00 00-00 00 00 00 00 00 00 00 ................
00:00:11.133462 0000713504001570/00c0: 00 00 00 00 00 00 00 00-00 00 00 00 00 00 00 00 ................
00:00:11.133464 0000713504001580/00d0: 00 00 00 00 00 00 00 00-00 00 00 00 00 00 00 00 ................
00:00:11.133466 0000713504001590/00e0: 00 00 00 00 00 00 00 00-00 00 00 00 63 82 53 63 ............c.Sc
00:00:11.133468 00007135040015a0/00f0: 36 04 c0 a8 38 64 35 01-05 01 04 ff ff ff 00 33 6...8d5........3
00:00:11.133471 00007135040015b0/0100: 04 00 00 02 58 ff 00 00-00 00 00 00 00 00 00 00 ....X...........
00:00:11.133473 00007135040015c0/0110: 00 00 00 00 00 00 00 00-00 00 00 00 00 00 00 00 ................
00:00:11.133475 00007135040015d0/0120: 00 00 00 00 00 00 00 00-00 00 00 00 00 00 00 00 ................
00:00:11.133478 00007135040015e0/0130: 00 00 00 00 00 00 00 00-00 00 00 00 00 00 00 00 ................
00:00:11.133480 00007135040015f0/0140: 00 00 00 00 00 00 00 00-00 00 00 00 00 00 00 00 ................
00:00:11.133482 0000713504001600/0150: 00 00 00 00 00 00 00 00-00 00 00 00 00 00 00 00 ................
00:00:11.133484 0000713504001610/0160: 00 00 00 00 00 00 00 00-00 00 00 00 00 00 00 00 ................
00:00:11.133486 0000713504001620/0170: 00 00 00 00 00 00 00 00-00 00 00 00 00 00 00 00 ................
00:00:11.133488 0000713504001630/0180: 00 00 00 00 00 00 00 00-00 00 00 00 00 00 00 00 ................
00:00:11.133491 0000713504001640/0190: 00 00 00 00 00 00 00 00-00 00 00 00 00 00 00 00 ................
00:00:11.133493 0000713504001650/01a0: 00 00 00 00 00 00 00 00-00 00 00 00 00 00 00 00 ................
00:00:11.133495 0000713504001660/01b0: 00 00 00 00 00 00 00 00-00 00 00 00 00 00 00 00 ................
00:00:11.133497 0000713504001670/01c0: 00 00 00 00 00 00 00 00-00 00 00 00 00 00 00 00 ................
00:00:11.133499 0000713504001680/01d0: 00 00 00 00 00 00 00 00-00 00 00 00 00 00 00 00 ................
00:00:11.133502 0000713504001690/01e0: 00 00 00 00 00 00 00 00-00 00 00 00 00 00 00 00 ................
00:00:11.133504 00007135040016a0/01f0: 00 00 00 00 00 00 00 00-00 00 00 00 00 00 00 00 ................
00:00:11.133506 00007135040016b0/0200: 00 00 00 00 00 00 00 00-00 00 00 00 00 00 00 00 ................
00:00:11.133508 00007135040016c0/0210: 00 00 00 00 00 00 00 00-00 00 00 00 00 00 00 00 ................
00:00:11.133510 00007135040016d0/0220: 00 00 00 00                                     ....
00:00:47.949959 REQUEST xid 0x2763c057 chaddr 0a:00:27:00:00:00
00:00:47.949987  ciaddr 192.168.56.101
00:00:47.949993  client id: ff b5 ba 44 ba 00 02 00 00 ab 11 ce b9 1e 45 5b 78 6b 3d
00:00:47.950001  params { 1 3 6 12 15 33 42 114 120 121 162 }
00:00:47.950026   12: 'jppm'
00:00:47.950029   57: 05 c0
00:00:47.950033 > allocateAddress to client [ff:b5:ba:44:ba:00:02:00:00:ab:11:ce:b9:1e:45:5b:78:6b:3d] (0a:00:27:00:00:00)
00:00:47.950051 > .... noted expired binding 192.168.56.105 to [ff:ed:4e:f8:d7:00:02:00:00:ab:11:b0:cc:b2:9d:ea:d0:99:e3] (08:00:27:3a:81:47), expired, valid from 2024-12-18T08:41:35Z for 600s until 2024-12-18T08:51:35Z
00:00:47.950060 > ... found existing binding 192.168.56.101 to [ff:b5:ba:44:ba:00:02:00:00:ab:11:ce:b9:1e:45:5b:78:6b:3d] (0a:00:27:00:00:00), acked, valid from 2025-05-12T12:41:56Z for 600s until 2025-05-12T12:51:56Z
00:00:47.950066 Lease time 600 secs (default)
00:00:47.950069 writing leases to /home/jppm/.config/VirtualBox/HostInterfaceNetworking-vboxnet0-Dhcpd.leases
00:00:47.960297 >>> requested option 1 (SubnetMask)
00:00:47.960309 ... always supplied
00:00:47.960311 >>> requested option 3 (Routers)
00:00:47.960314 ... not found
00:00:47.960315 >>> requested option 6 (DNSes)
00:00:47.960317 ... not found
00:00:47.960319 >>> requested option 12 (HostName)
00:00:47.960321 ... not found
00:00:47.960323 >>> requested option 15 (DomainName)
00:00:47.960325 ... not found
00:00:47.960327 >>> requested option 33 (StaticRoute)
00:00:47.960329 ... not found
00:00:47.960330 >>> requested option 42 (NTPServers)
00:00:47.960332 ... not found
00:00:47.960334 >>> requested option 114 (unknown)
00:00:47.960336 ... not found
00:00:47.960338 >>> requested option 120 (unknown)
00:00:47.960339 ... not found
00:00:47.960341 >>> requested option 121 (unknown)
00:00:47.960343 ... not found
00:00:47.960345 >>> requested option 162 (unknown)
00:00:47.960347 ... not found
00:00:47.960350 encoding option 1 (SubnetMask)
00:00:47.960352 encoding option 51 (LeaseTime)
00:00:47.960355 ACK xid 0x2763c057 chaddr 0a:00:27:00:00:00
00:00:47.960362  ciaddr 192.168.56.101 yiaddr 192.168.56.101
00:00:47.960368 encoded message: 548 bytes
00:00:47.960370 00007135040014b0/0000: 02 01 06 00 57 c0 63 27-00 00 00 00 c0 a8 38 65 ....W.c'......8e
00:00:47.960373 00007135040014c0/0010: c0 a8 38 65 00 00 00 00-00 00 00 00 0a 00 27 00 ..8e..........'.
00:00:47.960375 00007135040014d0/0020: 00 00 00 00 00 00 00 00-00 00 00 00 00 00 00 00 ................
00:00:47.960377 00007135040014e0/0030: 00 00 00 00 00 00 00 00-00 00 00 00 00 00 00 00 ................
00:00:47.960379 00007135040014f0/0040: 00 00 00 00 00 00 00 00-00 00 00 00 00 00 00 00 ................
00:00:47.960381 0000713504001500/0050: 00 00 00 00 00 00 00 00-00 00 00 00 00 00 00 00 ................
00:00:47.960383 0000713504001510/0060: 00 00 00 00 00 00 00 00-00 00 00 00 00 00 00 00 ................
00:00:47.960384 0000713504001520/0070: 00 00 00 00 00 00 00 00-00 00 00 00 00 00 00 00 ................
00:00:47.960386 0000713504001530/0080: 00 00 00 00 00 00 00 00-00 00 00 00 00 00 00 00 ................
00:00:47.960388 0000713504001540/0090: 00 00 00 00 00 00 00 00-00 00 00 00 00 00 00 00 ................
00:00:47.960390 0000713504001550/00a0: 00 00 00 00 00 00 00 00-00 00 00 00 00 00 00 00 ................
00:00:47.960392 0000713504001560/00b0: 00 00 00 00 00 00 00 00-00 00 00 00 00 00 00 00 ................
00:00:47.960394 0000713504001570/00c0: 00 00 00 00 00 00 00 00-00 00 00 00 00 00 00 00 ................
00:00:47.960396 0000713504001580/00d0: 00 00 00 00 00 00 00 00-00 00 00 00 00 00 00 00 ................
00:00:47.960398 0000713504001590/00e0: 00 00 00 00 00 00 00 00-00 00 00 00 63 82 53 63 ............c.Sc
00:00:47.960400 00007135040015a0/00f0: 36 04 c0 a8 38 64 35 01-05 01 04 ff ff ff 00 33 6...8d5........3
00:00:47.960402 00007135040015b0/0100: 04 00 00 02 58 ff 00 00-00 00 00 00 00 00 00 00 ....X...........
00:00:47.960404 00007135040015c0/0110: 00 00 00 00 00 00 00 00-00 00 00 00 00 00 00 00 ................
00:00:47.960406 00007135040015d0/0120: 00 00 00 00 00 00 00 00-00 00 00 00 00 00 00 00 ................
00:00:47.960407 00007135040015e0/0130: 00 00 00 00 00 00 00 00-00 00 00 00 00 00 00 00 ................
00:00:47.960409 00007135040015f0/0140: 00 00 00 00 00 00 00 00-00 00 00 00 00 00 00 00 ................
00:00:47.960411 0000713504001600/0150: 00 00 00 00 00 00 00 00-00 00 00 00 00 00 00 00 ................
00:00:47.960413 0000713504001610/0160: 00 00 00 00 00 00 00 00-00 00 00 00 00 00 00 00 ................
00:00:47.960415 0000713504001620/0170: 00 00 00 00 00 00 00 00-00 00 00 00 00 00 00 00 ................
00:00:47.960417 0000713504001630/0180: 00 00 00 00 00 00 00 00-00 00 00 00 00 00 00 00 ................
00:00:47.960419 0000713504001640/0190: 00 00 00 00 00 00 00 00-00 00 00 00 00 00 00 00 ................
00:00:47.960421 0000713504001650/01a0: 00 00 00 00 00 00 00 00-00 00 00 00 00 00 00 00 ................
00:00:47.960423 0000713504001660/01b0: 00 00 00 00 00 00 00 00-00 00 00 00 00 00 00 00 ................
00:00:47.960424 0000713504001670/01c0: 00 00 00 00 00 00 00 00-00 00 00 00 00 00 00 00 ................
00:00:47.960426 0000713504001680/01d0: 00 00 00 00 00 00 00 00-00 00 00 00 00 00 00 00 ................
00:00:47.960428 0000713504001690/01e0: 00 00 00 00 00 00 00 00-00 00 00 00 00 00 00 00 ................
00:00:47.960430 00007135040016a0/01f0: 00 00 00 00 00 00 00 00-00 00 00 00 00 00 00 00 ................
00:00:47.960432 00007135040016b0/0200: 00 00 00 00 00 00 00 00-00 00 00 00 00 00 00 00 ................
00:00:47.960434 00007135040016c0/0210: 00 00 00 00 00 00 00 00-00 00 00 00 00 00 00 00 ................
00:00:47.960436 00007135040016d0/0220: 00 00 00 00                                     ....
